// Jest Snapshot v1, https://goo.gl/fbAQLP

exports[`404 Page renders correctly 1`] = `
<main
  style={
    Object {
      "color": "#232129",
      "fontFamily": "-apple-system, Roboto, sans-serif, serif",
      "padding": "96px",
    }
  }
>
  <title>
    Not found
  </title>
  <h1
    style={
      Object {
        "marginBottom": 64,
        "marginTop": 0,
        "maxWidth": 320,
      }
    }
  >
    Page not found
  </h1>
  <p
    style={
      Object {
        "marginBottom": 48,
      }
    }
  >
    Sorry
     
    <span
      aria-label="Pensive emoji"
      role="img"
    >
      ðŸ˜”
    </span>
     
    we couldnâ€™t find what you were looking for.
    <br />
    <br />
    <a
      aria-current="page"
      className=""
      href="/"
      onClick={[Function]}
      onMouseEnter={[Function]}
      style={Object {}}
    >
      Go home
    </a>
    .
  </p>
</main>
`;
